
Fatal error: Access level to Tests\Feature\FirebaseGapAnalysisTest::$app must be protected (as in class Illuminate\Foundation\Testing\TestCase) or weaker in C:\wamp64\www\tsp\deep-link\tests\Feature\FirebaseGapAnalysisTest.php on line 13
Call Stack:
 0.0003 597440 1. {main}() C:\wamp64\www\tsp\deep-link\vendor\phpunit\phpunit\phpunit:0
 0.0552 6034800 2. PHPUnit\TextUI\Application->run($argv = [0 => 'vendor/phpunit/phpunit/phpunit', 1 => '--configuration=C:\\wamp64\\www\\tsp\\deep-link\\phpunit.xml', 2 => '--no-output', 3 => '--filter', 4 => 'FirebaseGapAnalysisTest']) C:\wamp64\www\tsp\deep-link\vendor\phpunit\phpunit\phpunit:104
 0.2621 19432368 3. PHPUnit\TextUI\Application->buildTestSuite($configuration = class PHPUnit\TextUI\Configuration\Configuration { private readonly array $cliArguments = []; private readonly ?string $configurationFile = 'C:\\wamp64\\www\\tsp\\deep-link\\phpunit.xml'; private readonly ?string $bootstrap = 'C:\\wamp64\\www\\tsp\\deep-link\\vendor/autoload.php'; private readonly array $bootstrapForTestSuite = []; private readonly bool $cacheResult = TRUE; private readonly ?string $cacheDirectory = NULL; private readonly ?string $coverageCacheDirectory = NULL; private readonly PHPUnit\TextUI\Configuration\Source $source = class PHPUnit\TextUI\Configuration\Source { private readonly ?string $baseline = NULL; private readonly bool $ignoreBaseline = FALSE; private readonly PHPUnit\TextUI\Configuration\FilterDirectoryCollection $includeDirectories = class PHPUnit\TextUI\Configuration\FilterDirectoryCollection { .. }; private readonly PHPUnit\TextUI\Configuration\FileCollection $includeFiles = class PHPUnit\TextUI\Configuration\FileCollection { .. }; private readonly PHPUnit\TextUI\Configuration\FilterDirectoryCollection $excludeDirectories = class PHPUnit\TextUI\Configuration\FilterDirectoryCollection { .. }; private readonly PHPUnit\TextUI\Configuration\FileCollection $excludeFiles = class PHPUnit\TextUI\Configuration\FileCollection { .. }; private readonly bool $restrictNotices = FALSE; private readonly bool $restrictWarnings = FALSE; private readonly bool $ignoreSuppressionOfDeprecations = FALSE; private readonly bool $ignoreSuppressionOfPhpDeprecations = FALSE; private readonly bool $ignoreSuppressionOfErrors = FALSE; private readonly bool $ignoreSuppressionOfNotices = FALSE; private readonly bool $ignoreSuppressionOfPhpNotices = FALSE; private readonly bool $ignoreSuppressionOfWarnings = FALSE; private readonly bool $ignoreSuppressionOfPhpWarnings = FALSE; private readonly bool $ignoreSelfDeprecations = FALSE; private readonly bool $ignoreDirectDeprecations = FALSE; private readonly bool $ignoreIndirectDeprecations = FALSE; private readonly bool $identifyIssueTrigger = TRUE; private readonly array $deprecationTriggers = [..] }; private readonly bool $pathCoverage = FALSE; private readonly ?string $coverageClover = NULL; private readonly ?string $coverageCobertura = NULL; private readonly ?string $coverageCrap4j = NULL; private readonly int $coverageCrap4jThreshold = 30; private readonly ?string $coverageHtml = NULL; private readonly int $coverageHtmlLowUpperBound = 50; private readonly int $coverageHtmlHighLowerBound = 90; private readonly string $coverageHtmlColorSuccessLow = '#dff0d8'; private readonly string $coverageHtmlColorSuccessMedium = '#c3e3b5'; private readonly string $coverageHtmlColorSuccessHigh = '#99cb84'; private readonly string $coverageHtmlColorWarning = '#fcf8e3'; private readonly string $coverageHtmlColorDanger = '#f2dede'; private readonly ?string $coverageHtmlCustomCssFile = NULL; private readonly ?string $coverageOpenClover = NULL; private readonly ?string $coveragePhp = NULL; private readonly ?string $coverageText = NULL; private readonly bool $coverageTextShowUncoveredFiles = FALSE; private readonly bool $coverageTextShowOnlySummary = FALSE; private readonly ?string $coverageXml = NULL; private readonly bool $coverageXmlIncludeSource = TRUE; private readonly string $testResultCacheFile = 'C:\\wamp64\\www\\tsp\\deep-link\\.phpunit.result.cache'; private readonly bool $ignoreDeprecatedCodeUnitsFromCodeCoverage = FALSE; private readonly bool $disableCodeCoverageIgnore = FALSE; private readonly bool $failOnAllIssues = FALSE; private readonly bool $failOnDeprecation = FALSE; private readonly bool $failOnPhpunitDeprecation = FALSE; private readonly bool $failOnPhpunitNotice = FALSE; private readonly bool $failOnPhpunitWarning = TRUE; private readonly bool $failOnEmptyTestSuite = TRUE; private readonly bool $failOnIncomplete = FALSE; private readonly bool $failOnNotice = FALSE; private readonly bool $failOnRisky = FALSE; private readonly bool $failOnSkipped = FALSE; private readonly bool $failOnWarning = FALSE; private readonly bool $doNotFailOnDeprecation = FALSE; private readonly bool $doNotFailOnPhpunitDeprecation = FALSE; private readonly bool $doNotFailOnPhpunitNotice = FALSE; private readonly bool $doNotFailOnPhpunitWarning = FALSE; private readonly bool $doNotFailOnEmptyTestSuite = FALSE; private readonly bool $doNotFailOnIncomplete = FALSE; private readonly bool $doNotFailOnNotice = FALSE; private readonly bool $doNotFailOnRisky = FALSE; private readonly bool $doNotFailOnSkipped = FALSE; private readonly bool $doNotFailOnWarning = FALSE; private readonly bool $stopOnDefect = FALSE; private readonly bool $stopOnDeprecation = FALSE; private readonly ?string $specificDeprecationToStopOn = NULL; private readonly bool $stopOnError = FALSE; private readonly bool $stopOnFailure = FALSE; private readonly bool $stopOnIncomplete = FALSE; private readonly bool $stopOnNotice = FALSE; private readonly bool $stopOnRisky = FALSE; private readonly bool $stopOnSkipped = FALSE; private readonly bool $stopOnWarning = FALSE; private readonly bool $outputToStandardErrorStream = FALSE; private readonly int $columns = 80; private readonly bool $noExtensions = FALSE; private readonly ?string $pharExtensionDirectory = NULL; private readonly array $extensionBootstrappers = []; private readonly bool $backupGlobals = FALSE; private readonly bool $backupStaticProperties = FALSE; private readonly bool $beStrictAboutChangesToGlobalState = FALSE; private readonly bool $colors = TRUE; private readonly bool $processIsolation = FALSE; private readonly bool $enforceTimeLimit = FALSE; private readonly int $defaultTimeLimit = 1; private readonly int $timeoutForSmallTests = 1; private readonly int $timeoutForMediumTests = 10; private readonly int $timeoutForLargeTests = 60; private readonly bool $reportUselessTests = TRUE; private readonly bool $strictCoverage = FALSE; private readonly bool $disallowTestOutput = FALSE; private readonly bool $displayDetailsOnAllIssues = FALSE; private readonly bool $displayDetailsOnIncompleteTests = FALSE; private readonly bool $displayDetailsOnSkippedTests = FALSE; private readonly bool $displayDetailsOnTestsThatTriggerDeprecations = FALSE; private readonly bool $displayDetailsOnPhpunitDeprecations = FALSE; private readonly bool $displayDetailsOnPhpunitNotices = FALSE; private readonly bool $displayDetailsOnTestsThatTriggerErrors = FALSE; private readonly bool $displayDetailsOnTestsThatTriggerNotices = FALSE; private readonly bool $displayDetailsOnTestsThatTriggerWarnings = FALSE; private readonly bool $reverseDefectList = FALSE; private readonly bool $requireCoverageMetadata = FALSE; private readonly bool $noProgress = FALSE; private readonly bool $noResults = FALSE; private readonly bool $noOutput = TRUE; private readonly int $executionOrder = 0; private readonly int $executionOrderDefects = 0; private readonly bool $resolveDependencies = TRUE; private readonly ?string $logfileTeamcity = NULL; private readonly ?string $logfileJunit = NULL; private readonly ?string $logfileOtr = NULL; private readonly bool $includeGitInformationInOtrLogfile = FALSE; private readonly ?string $logfileTestdoxHtml = NULL; private readonly ?string $logfileTestdoxText = NULL; private readonly ?string $logEventsText = NULL; private readonly ?string $logEventsVerboseText = NULL; private readonly ?array $testsCovering = NULL; private readonly ?array $testsUsing = NULL; private readonly ?array $testsRequiringPhpExtension = NULL; private readonly bool $teamCityOutput = FALSE; private readonly bool $testDoxOutput = FALSE; private readonly bool $testDoxOutputSummary = FALSE; private readonly ?string $filter = 'FirebaseGapAnalysisTest'; private readonly ?string $excludeFilter = NULL; private readonly array $groups = []; private readonly array $excludeGroups = []; private readonly int $randomOrderSeed = 1780475208; private readonly bool $includeUncoveredFiles = TRUE; private readonly PHPUnit\TextUI\Configuration\TestSuiteCollection $testSuite = class PHPUnit\TextUI\Configuration\TestSuiteCollection { private readonly array $testSuites = [..] }; private readonly string $includeTestSuite = ''; private readonly string $excludeTestSuite = ''; private readonly ?string $defaultTestSuite = NULL; private readonly bool $ignoreTestSelectionInXmlConfiguration = FALSE; private readonly array $testSuffixes = [0 => 'Test.php', 1 => '.phpt']; private readonly PHPUnit\TextUI\Configuration\Php $php = class PHPUnit\TextUI\Configuration\Php { private readonly PHPUnit\TextUI\Configuration\DirectoryCollection $includePaths = class PHPUnit\TextUI\Configuration\DirectoryCollection { .. }; private readonly PHPUnit\TextUI\Configuration\IniSettingCollection $iniSettings = class PHPUnit\TextUI\Configuration\IniSettingCollection { .. }; private readonly PHPUnit\TextUI\Configuration\ConstantCollection $constants = class PHPUnit\TextUI\Configuration\ConstantCollection { .. }; private readonly PHPUnit\TextUI\Configuration\VariableCollection $globalVariables = class PHPUnit\TextUI\Configuration\VariableCollection { .. }; private readonly PHPUnit\TextUI\Configuration\VariableCollection $envVariables = class PHPUnit\TextUI\Configuration\VariableCollection { .. }; private readonly PHPUnit\TextUI\Configuration\VariableCollection $postVariables = class PHPUnit\TextUI\Configuration\VariableCollection { .. }; private readonly PHPUnit\TextUI\Configuration\VariableCollection $getVariables = class PHPUnit\TextUI\Configuration\VariableCollection { .. }; private readonly PHPUnit\TextUI\Configuration\VariableCollection $cookieVariables = class PHPUnit\TextUI\Configuration\VariableCollection { .. }; private readonly PHPUnit\TextUI\Configuration\VariableCollection $serverVariables = class PHPUnit\TextUI\Configuration\VariableCollection { .. }; private readonly PHPUnit\TextUI\Configuration\VariableCollection $filesVariables = class PHPUnit\TextUI\Configuration\VariableCollection { .. }; private readonly PHPUnit\TextUI\Configuration\VariableCollection $requestVariables = class PHPUnit\TextUI\Configuration\VariableCollection { .. } }; private readonly bool $controlGarbageCollector = FALSE; private readonly int $numberOfTestsBeforeGarbageCollection = 100; private readonly ?string $generateBaseline = NULL; .. }) C:\wamp64\www\tsp\deep-link\vendor\phpunit\phpunit\src\TextUI\Application.php:196
 0.2621 19432408 4. PHPUnit\TextUI\Configuration\TestSuiteBuilder->build($configuration = class PHPUnit\TextUI\Configuration\Configuration { private readonly array $cliArguments = []; private readonly ?string $configurationFile = 'C:\\wamp64\\www\\tsp\\deep-link\\phpunit.xml'; private readonly ?string $bootstrap = 'C:\\wamp64\\www\\tsp\\deep-link\\vendor/autoload.php'; private readonly array $bootstrapForTestSuite = []; private readonly bool $cacheResult = TRUE; private readonly ?string $cacheDirectory = NULL; private readonly ?string $coverageCacheDirectory = NULL; private readonly PHPUnit\TextUI\Configuration\Source $source = class PHPUnit\TextUI\Configuration\Source { private readonly ?string $baseline = NULL; private readonly bool $ignoreBaseline = FALSE; private readonly PHPUnit\TextUI\Configuration\FilterDirectoryCollection $includeDirectories = class PHPUnit\TextUI\Configuration\FilterDirectoryCollection { .. }; private readonly PHPUnit\TextUI\Configuration\FileCollection $includeFiles = class PHPUnit\TextUI\Configuration\FileCollection { .. }; private readonly PHPUnit\TextUI\Configuration\FilterDirectoryCollection $excludeDirectories = class PHPUnit\TextUI\Configuration\FilterDirectoryCollection { .. }; private readonly PHPUnit\TextUI\Configuration\FileCollection $excludeFiles = class PHPUnit\TextUI\Configuration\FileCollection { .. }; private readonly bool $restrictNotices = FALSE; private readonly bool $restrictWarnings = FALSE; private readonly bool $ignoreSuppressionOfDeprecations = FALSE; private readonly bool $ignoreSuppressionOfPhpDeprecations = FALSE; private readonly bool $ignoreSuppressionOfErrors = FALSE; private readonly bool $ignoreSuppressionOfNotices = FALSE; private readonly bool $ignoreSuppressionOfPhpNotices = FALSE; private readonly bool $ignoreSuppressionOfWarnings = FALSE; private readonly bool $ignoreSuppressionOfPhpWarnings = FALSE; private readonly bool $ignoreSelfDeprecations = FALSE; private readonly bool $ignoreDirectDeprecations = FALSE; private readonly bool $ignoreIndirectDeprecations = FALSE; private readonly bool $identifyIssueTrigger = TRUE; private readonly array $deprecationTriggers = [..] }; private readonly bool $pathCoverage = FALSE; private readonly ?string $coverageClover = NULL; private readonly ?string $coverageCobertura = NULL; private readonly ?string $coverageCrap4j = NULL; private readonly int $coverageCrap4jThreshold = 30; private readonly ?string $coverageHtml = NULL; private readonly int $coverageHtmlLowUpperBound = 50; private readonly int $coverageHtmlHighLowerBound = 90; private readonly string $coverageHtmlColorSuccessLow = '#dff0d8'; private readonly string $coverageHtmlColorSuccessMedium = '#c3e3b5'; private readonly string $coverageHtmlColorSuccessHigh = '#99cb84'; private readonly string $coverageHtmlColorWarning = '#fcf8e3'; private readonly string $coverageHtmlColorDanger = '#f2dede'; private readonly ?string $coverageHtmlCustomCssFile = NULL; private readonly ?string $coverageOpenClover = NULL; private readonly ?string $coveragePhp = NULL; private readonly ?string $coverageText = NULL; private readonly bool $coverageTextShowUncoveredFiles = FALSE; private readonly bool $coverageTextShowOnlySummary = FALSE; private readonly ?string $coverageXml = NULL; private readonly bool $coverageXmlIncludeSource = TRUE; private readonly string $testResultCacheFile = 'C:\\wamp64\\www\\tsp\\deep-link\\.phpunit.result.cache'; private readonly bool $ignoreDeprecatedCodeUnitsFromCodeCoverage = FALSE; private readonly bool $disableCodeCoverageIgnore = FALSE; private readonly bool $failOnAllIssues = FALSE; private readonly bool $failOnDeprecation = FALSE; private readonly bool $failOnPhpunitDeprecation = FALSE; private readonly bool $failOnPhpunitNotice = FALSE; private readonly bool $failOnPhpunitWarning = TRUE; private readonly bool $failOnEmptyTestSuite = TRUE; private readonly bool $failOnIncomplete = FALSE; private readonly bool $failOnNotice = FALSE; private readonly bool $failOnRisky = FALSE; private readonly bool $failOnSkipped = FALSE; private readonly bool $failOnWarning = FALSE; private readonly bool $doNotFailOnDeprecation = FALSE; private readonly bool $doNotFailOnPhpunitDeprecation = FALSE; private readonly bool $doNotFailOnPhpunitNotice = FALSE; private readonly bool $doNotFailOnPhpunitWarning = FALSE; private readonly bool $doNotFailOnEmptyTestSuite = FALSE; private readonly bool $doNotFailOnIncomplete = FALSE; private readonly bool $doNotFailOnNotice = FALSE; private readonly bool $doNotFailOnRisky = FALSE; private readonly bool $doNotFailOnSkipped = FALSE; private readonly bool $doNotFailOnWarning = FALSE; private readonly bool $stopOnDefect = FALSE; private readonly bool $stopOnDeprecation = FALSE; private readonly ?string $specificDeprecationToStopOn = NULL; private readonly bool $stopOnError = FALSE; private readonly bool $stopOnFailure = FALSE; private readonly bool $stopOnIncomplete = FALSE; private readonly bool $stopOnNotice = FALSE; private readonly bool $stopOnRisky = FALSE; private readonly bool $stopOnSkipped = FALSE; private readonly bool $stopOnWarning = FALSE; private readonly bool $outputToStandardErrorStream = FALSE; private readonly int $columns = 80; private readonly bool $noExtensions = FALSE; private readonly ?string $pharExtensionDirectory = NULL; private readonly array $extensionBootstrappers = []; private readonly bool $backupGlobals = FALSE; private readonly bool $backupStaticProperties = FALSE; private readonly bool $beStrictAboutChangesToGlobalState = FALSE; private readonly bool $colors = TRUE; private readonly bool $processIsolation = FALSE; private readonly bool $enforceTimeLimit = FALSE; private readonly int $defaultTimeLimit = 1; private readonly int $timeoutForSmallTests = 1; private readonly int $timeoutForMediumTests = 10; private readonly int $timeoutForLargeTests = 60; private readonly bool $reportUselessTests = TRUE; private readonly bool $strictCoverage = FALSE; private readonly bool $disallowTestOutput = FALSE; private readonly bool $displayDetailsOnAllIssues = FALSE; private readonly bool $displayDetailsOnIncompleteTests = FALSE; private readonly bool $displayDetailsOnSkippedTests = FALSE; private readonly bool $displayDetailsOnTestsThatTriggerDeprecations = FALSE; private readonly bool $displayDetailsOnPhpunitDeprecations = FALSE; private readonly bool $displayDetailsOnPhpunitNotices = FALSE; private readonly bool $displayDetailsOnTestsThatTriggerErrors = FALSE; private readonly bool $displayDetailsOnTestsThatTriggerNotices = FALSE; private readonly bool $displayDetailsOnTestsThatTriggerWarnings = FALSE; private readonly bool $reverseDefectList = FALSE; private readonly bool $requireCoverageMetadata = FALSE; private readonly bool $noProgress = FALSE; private readonly bool $noResults = FALSE; private readonly bool $noOutput = TRUE; private readonly int $executionOrder = 0; private readonly int $executionOrderDefects = 0; private readonly bool $resolveDependencies = TRUE; private readonly ?string $logfileTeamcity = NULL; private readonly ?string $logfileJunit = NULL; private readonly ?string $logfileOtr = NULL; private readonly bool $includeGitInformationInOtrLogfile = FALSE; private readonly ?string $logfileTestdoxHtml = NULL; private readonly ?string $logfileTestdoxText = NULL; private readonly ?string $logEventsText = NULL; private readonly ?string $logEventsVerboseText = NULL; private readonly ?array $testsCovering = NULL; private readonly ?array $testsUsing = NULL; private readonly ?array $testsRequiringPhpExtension = NULL; private readonly bool $teamCityOutput = FALSE; private readonly bool $testDoxOutput = FALSE; private readonly bool $testDoxOutputSummary = FALSE; private readonly ?string $filter = 'FirebaseGapAnalysisTest'; private readonly ?string $excludeFilter = NULL; private readonly array $groups = []; private readonly array $excludeGroups = []; private readonly int $randomOrderSeed = 1780475208; private readonly bool $includeUncoveredFiles = TRUE; private readonly PHPUnit\TextUI\Configuration\TestSuiteCollection $testSuite = class PHPUnit\TextUI\Configuration\TestSuiteCollection { private readonly array $testSuites = [..] }; private readonly string $includeTestSuite = ''; private readonly string $excludeTestSuite = ''; private readonly ?string $defaultTestSuite = NULL; private readonly bool $ignoreTestSelectionInXmlConfiguration = FALSE; private readonly array $testSuffixes = [0 => 'Test.php', 1 => '.phpt']; private readonly PHPUnit\TextUI\Configuration\Php $php = class PHPUnit\TextUI\Configuration\Php { private readonly PHPUnit\TextUI\Configuration\DirectoryCollection $includePaths = class PHPUnit\TextUI\Configuration\DirectoryCollection { .. }; private readonly PHPUnit\TextUI\Configuration\IniSettingCollection $iniSettings = class PHPUnit\TextUI\Configuration\IniSettingCollection { .. }; private readonly PHPUnit\TextUI\Configuration\ConstantCollection $constants = class PHPUnit\TextUI\Configuration\ConstantCollection { .. }; private readonly PHPUnit\TextUI\Configuration\VariableCollection $globalVariables = class PHPUnit\TextUI\Configuration\VariableCollection { .. }; private readonly PHPUnit\TextUI\Configuration\VariableCollection $envVariables = class PHPUnit\TextUI\Configuration\VariableCollection { .. }; private readonly PHPUnit\TextUI\Configuration\VariableCollection $postVariables = class PHPUnit\TextUI\Configuration\VariableCollection { .. }; private readonly PHPUnit\TextUI\Configuration\VariableCollection $getVariables = class PHPUnit\TextUI\Configuration\VariableCollection { .. }; private readonly PHPUnit\TextUI\Configuration\VariableCollection $cookieVariables = class PHPUnit\TextUI\Configuration\VariableCollection { .. }; private readonly PHPUnit\TextUI\Configuration\VariableCollection $serverVariables = class PHPUnit\TextUI\Configuration\VariableCollection { .. }; private readonly PHPUnit\TextUI\Configuration\VariableCollection $filesVariables = class PHPUnit\TextUI\Configuration\VariableCollection { .. }; private readonly PHPUnit\TextUI\Configuration\VariableCollection $requestVariables = class PHPUnit\TextUI\Configuration\VariableCollection { .. } }; private readonly bool $controlGarbageCollector = FALSE; private readonly int $numberOfTestsBeforeGarbageCollection = 100; private readonly ?string $generateBaseline = NULL; .. }) C:\wamp64\www\tsp\deep-link\vendor\phpunit\phpunit\src\TextUI\Application.php:389
 0.2621 19432448 5. PHPUnit\TextUI\XmlConfiguration\TestSuiteMapper->map($xmlConfigurationFile = 'C:\\wamp64\\www\\tsp\\deep-link\\phpunit.xml', $configuredTestSuites = class PHPUnit\TextUI\Configuration\TestSuiteCollection { private readonly array $testSuites = [0 => class PHPUnit\TextUI\Configuration\TestSuite { .. }, 1 => class PHPUnit\TextUI\Configuration\TestSuite { .. }] }, $includeTestSuites = [], $excludeTestSuites = []) C:\wamp64\www\tsp\deep-link\vendor\phpunit\phpunit\src\TextUI\Configuration\TestSuiteBuilder.php:75
 0.2787 20553784 6. PHPUnit\Framework\TestSuite->addTestFile($filename = 'C:\\wamp64\\www\\tsp\\deep-link\\tests\\Feature\\FirebaseGapAnalysisTest.php', $groups = []) C:\wamp64\www\tsp\deep-link\vendor\phpunit\phpunit\src\TextUI\Configuration\Xml\TestSuiteMapper.php:104
 0.2787 20553824 7. PHPUnit\Runner\TestSuiteLoader->load($suiteClassFile = 'C:\\wamp64\\www\\tsp\\deep-link\\tests\\Feature\\FirebaseGapAnalysisTest.php') C:\wamp64\www\tsp\deep-link\vendor\phpunit\phpunit\src\Framework\TestSuite.php:237
 0.2788 20553968 8. PHPUnit\Runner\TestSuiteLoader->loadSuiteClassFile($suiteClassFile = 'C:\\wamp64\\www\\tsp\\deep-link\\tests\\Feature\\FirebaseGapAnalysisTest.php') C:\wamp64\www\tsp\deep-link\vendor\phpunit\phpunit\src\Runner\TestSuiteLoader.php:49
 0.2790 20581648 9. require_once('C:\wamp64\www\tsp\deep-link\tests\Feature\FirebaseGapAnalysisTest.php') C:\wamp64\www\tsp\deep-link\vendor\phpunit\phpunit\src\Runner\TestSuiteLoader.php:116
